Building DAG of jobs...
Using shell: /bin/bash
Provided cores: 1 (use --cores to define parallelism)
Rules claiming more threads will be scaled down.
Job stats:
job                         count
------------------------  -------
all                             1
run_phagepleats_pipeline        1
total                           2

Select jobs to execute...

[Wed Dec 24 20:07:04 2025]
rule run_phagepleats_pipeline:
    input: /tmp/phagepleats_test/PhagePleats_out_24-12-25/foldseek_out/search_result.tsv, test_data/metadata/genome_protein_mapping.csv
    output: /tmp/phagepleats_test/PhagePleats_out_24-12-25/taxa_predictions.csv, /tmp/phagepleats_test/PhagePleats_out_24-12-25/taxa_novelty_summary.csv
    jobid: 4
    reason: Missing output files: /tmp/phagepleats_test/PhagePleats_out_24-12-25/taxa_predictions.csv, /tmp/phagepleats_test/PhagePleats_out_24-12-25/taxa_novelty_summary.csv
    resources: tmpdir=/tmp

Shutting down, this might take some time.
Exiting because a job execution failed. Look above for error message
Complete log: .snakemake/log/2025-12-24T200703.677289.snakemake.log
