Building DAG of jobs...
Using shell: /bin/bash
Provided cores: 1 (use --cores to define parallelism)
Rules claiming more threads will be scaled down.
Job stats:
job                         count
------------------------  -------
all                             1
run_phagepleats_pipeline        1
total                           2

Select jobs to execute...

[Wed Dec 24 20:35:08 2025]
rule run_phagepleats_pipeline:
    input: /tmp/phagepleats_test/PhagePleats_out_24-12-25/foldseek_out/search_result.tsv, test_data/metadata/genome_protein_mapping.csv
    output: /tmp/phagepleats_test/PhagePleats_out_24-12-25/taxa_predictions.csv, /tmp/phagepleats_test/PhagePleats_out_24-12-25/taxa_novelty_summary.csv
    jobid: 4
    reason: Missing output files: /tmp/phagepleats_test/PhagePleats_out_24-12-25/taxa_novelty_summary.csv, /tmp/phagepleats_test/PhagePleats_out_24-12-25/taxa_predictions.csv
    resources: tmpdir=/tmp

[Wed Dec 24 20:39:32 2025]
Finished job 4.
1 of 2 steps (50%) done
Select jobs to execute...

[Wed Dec 24 20:39:32 2025]
localrule all:
    input: /tmp/phagepleats_test/PhagePleats_out_24-12-25/foldseek_out/search_result.tsv, /tmp/phagepleats_test/PhagePleats_out_24-12-25/taxa_predictions.csv, /tmp/phagepleats_test/PhagePleats_out_24-12-25/taxa_novelty_summary.csv
    jobid: 0
    reason: Input files updated by another job: /tmp/phagepleats_test/PhagePleats_out_24-12-25/taxa_novelty_summary.csv, /tmp/phagepleats_test/PhagePleats_out_24-12-25/taxa_predictions.csv
    resources: tmpdir=/tmp

[Wed Dec 24 20:39:32 2025]
Finished job 0.
2 of 2 steps (100%) done
Complete log: .snakemake/log/2025-12-24T203507.678433.snakemake.log
