Building DAG of jobs...
Using shell: /bin/bash
Provided cores: 4
Rules claiming more threads will be scaled down.
Job stats:
job                         count
------------------------  -------
all                             1
run_phagepleats_pipeline        1
total                           2

Select jobs to execute...

[Sun Jul 20 20:02:40 2025]
rule run_phagepleats_pipeline:
    input: /home/administrator/phd/PhagePleats_out_20:07:25/foldseek_out/search_result.tsv, test_data/metadata/genome_protein_mapping.csv, data/presence_absence.csv.gz, data/models, data/taxonomy.csv, data/intra_rank_relatedness.csv, /home/administrator/phd/PhagePleats_out_20:07:25
    output: /home/administrator/phd/PhagePleats_out_20:07:25/taxa_predictions.csv, /home/administrator/phd/PhagePleats_out_20:07:25/novel_taxa_summary.csv
    jobid: 4
    reason: Missing output files: /home/administrator/phd/PhagePleats_out_20:07:25/taxa_predictions.csv, /home/administrator/phd/PhagePleats_out_20:07:25/novel_taxa_summary.csv
    resources: tmpdir=/tmp

Terminating processes on user request, this might take some time.
Cancelling snakemake on user request.
