Building DAG of jobs...
Using shell: /bin/bash
Provided cores: 4
Rules claiming more threads will be scaled down.
Job stats:
job                     count
--------------------  -------
all                         1
foldseek_convertalis        1
foldseek_createDB           1
foldseek_search             1
run_python_script           1
total                       5

Select jobs to execute...

[Wed May  7 13:21:38 2025]
rule foldseek_createDB:
    input: /home/administrator/phd/caudo_esmfold_DB/ictv_vmr_39_test_caudoviricetes/774_test_phages/pdbs
    output: /home/administrator/phd/PhagePleats_out_07:05:25_13:21/foldseek_out/queryDB
    log: /home/administrator/phd/PhagePleats_out_07:05:25_13:21/log/foldseek_createDB.log
    jobid: 2
    reason: Missing output files: /home/administrator/phd/PhagePleats_out_07:05:25_13:21/foldseek_out/queryDB
    resources: tmpdir=/tmp

[Wed May  7 13:21:44 2025]
Finished job 2.
1 of 5 steps (20%) done
Select jobs to execute...

[Wed May  7 13:21:44 2025]
checkpoint foldseek_search:
    input: /home/administrator/phd/PhagePleats_out_07:05:25_13:21/foldseek_out/queryDB, data/targetDB
    output: /home/administrator/phd/PhagePleats_out_07:05:25_13:21/alignments
    log: /home/administrator/phd/PhagePleats_out_07:05:25_13:21/log/foldseek_search.log
    jobid: 3
    reason: Missing output files: /home/administrator/phd/PhagePleats_out_07:05:25_13:21/alignments; Input files updated by another job: /home/administrator/phd/PhagePleats_out_07:05:25_13:21/foldseek_out/queryDB
    resources: tmpdir=/tmp
DAG of jobs will be updated after completion.

[Wed May  7 13:26:22 2025]
Finished job 3.
2 of 5 steps (40%) done
Select jobs to execute...

[Wed May  7 13:26:22 2025]
rule foldseek_convertalis:
    input: /home/administrator/phd/PhagePleats_out_07:05:25_13:21/foldseek_out/queryDB, data/targetDB, /home/administrator/phd/PhagePleats_out_07:05:25_13:21/alignments/aln.9, /home/administrator/phd/PhagePleats_out_07:05:25_13:21/alignments/aln.3, /home/administrator/phd/PhagePleats_out_07:05:25_13:21/alignments/aln.7, /home/administrator/phd/PhagePleats_out_07:05:25_13:21/alignments/aln.14, /home/administrator/phd/PhagePleats_out_07:05:25_13:21/alignments/aln.8, /home/administrator/phd/PhagePleats_out_07:05:25_13:21/alignments/aln.2, /home/administrator/phd/PhagePleats_out_07:05:25_13:21/alignments/aln.19, /home/administrator/phd/PhagePleats_out_07:05:25_13:21/alignments/aln.17, /home/administrator/phd/PhagePleats_out_07:05:25_13:21/alignments/aln.11, /home/administrator/phd/PhagePleats_out_07:05:25_13:21/alignments/aln.23, /home/administrator/phd/PhagePleats_out_07:05:25_13:21/alignments/aln.20, /home/administrator/phd/PhagePleats_out_07:05:25_13:21/alignments/aln.10, /home/administrator/phd/PhagePleats_out_07:05:25_13:21/alignments/aln.22, /home/administrator/phd/PhagePleats_out_07:05:25_13:21/alignments/aln.4, /home/administrator/phd/PhagePleats_out_07:05:25_13:21/alignments/aln.index, /home/administrator/phd/PhagePleats_out_07:05:25_13:21/alignments/aln.1, /home/administrator/phd/PhagePleats_out_07:05:25_13:21/alignments/aln.5, /home/administrator/phd/PhagePleats_out_07:05:25_13:21/alignments/aln.16, /home/administrator/phd/PhagePleats_out_07:05:25_13:21/alignments/aln.13, /home/administrator/phd/PhagePleats_out_07:05:25_13:21/alignments/aln.dbtype, /home/administrator/phd/PhagePleats_out_07:05:25_13:21/alignments/aln.0, /home/administrator/phd/PhagePleats_out_07:05:25_13:21/alignments/aln.18, /home/administrator/phd/PhagePleats_out_07:05:25_13:21/alignments/aln.12, /home/administrator/phd/PhagePleats_out_07:05:25_13:21/alignments/aln.21, /home/administrator/phd/PhagePleats_out_07:05:25_13:21/alignments/aln.6, /home/administrator/phd/PhagePleats_out_07:05:25_13:21/alignments/aln.15
    output: /home/administrator/phd/PhagePleats_out_07:05:25_13:21/foldseek_out/search_result.tsv
    log: /home/administrator/phd/PhagePleats_out_07:05:25_13:21/log/foldseek_convertalis.log
    jobid: 1
    reason: Missing output files: /home/administrator/phd/PhagePleats_out_07:05:25_13:21/foldseek_out/search_result.tsv
    resources: tmpdir=/tmp

[Wed May  7 13:26:22 2025]
Finished job 1.
3 of 5 steps (60%) done
Select jobs to execute...

[Wed May  7 13:26:22 2025]
rule run_python_script:
    input: /home/administrator/phd/PhagePleats_out_07:05:25_13:21/foldseek_out/search_result.tsv, /home/administrator/phd/caudo_esmfold_DB/ictv_vmr_39_test_caudoviricetes/genome_protein_map.csv, data/presence_absence.csv.gz, data/models, data/taxonomy.csv, data/intra_rank_relatedness.csv, /home/administrator/phd/PhagePleats_out_07:05:25_13:21
    output: /home/administrator/phd/PhagePleats_out_07:05:25_13:21/taxa_predictions.csv, /home/administrator/phd/PhagePleats_out_07:05:25_13:21/novel_taxa_summary.csv
    jobid: 4
    reason: Missing output files: /home/administrator/phd/PhagePleats_out_07:05:25_13:21/novel_taxa_summary.csv, /home/administrator/phd/PhagePleats_out_07:05:25_13:21/taxa_predictions.csv; Input files updated by another job: /home/administrator/phd/PhagePleats_out_07:05:25_13:21/foldseek_out/search_result.tsv
    resources: tmpdir=/tmp

[Wed May  7 13:58:12 2025]
Finished job 4.
4 of 5 steps (80%) done
Select jobs to execute...

[Wed May  7 13:58:12 2025]
localrule all:
    input: /home/administrator/phd/PhagePleats_out_07:05:25_13:21/foldseek_out/search_result.tsv, /home/administrator/phd/PhagePleats_out_07:05:25_13:21/taxa_predictions.csv, /home/administrator/phd/PhagePleats_out_07:05:25_13:21/novel_taxa_summary.csv
    jobid: 0
    reason: Input files updated by another job: /home/administrator/phd/PhagePleats_out_07:05:25_13:21/novel_taxa_summary.csv, /home/administrator/phd/PhagePleats_out_07:05:25_13:21/foldseek_out/search_result.tsv, /home/administrator/phd/PhagePleats_out_07:05:25_13:21/taxa_predictions.csv
    resources: tmpdir=/tmp

[Wed May  7 13:58:12 2025]
Finished job 0.
5 of 5 steps (100%) done
Complete log: .snakemake/log/2025-05-07T132137.742030.snakemake.log
