Building DAG of jobs...
Using shell: /bin/bash
Provided cores: 8
Rules claiming more threads will be scaled down.
Job stats:
job                         count
------------------------  -------
all                             1
foldseek_convertalis            1
foldseek_createDB               1
foldseek_search                 1
run_phagepleats_pipeline        1
total                           5

Select jobs to execute...

[Wed Jul 29 14:23:41 2026]
rule foldseek_createDB:
    input: /data/san/data1/users/linda/structural_taxonomy_03_10_24/Umezonoviridae_prots/pdbs
    output: /data/san/data1/users/linda/structural_taxonomy_03_10_24/Umezonoviridae_prots/PhagePleats_out_29-07-26/foldseek_out/queryDB
    log: /data/san/data1/users/linda/structural_taxonomy_03_10_24/Umezonoviridae_prots/PhagePleats_out_29-07-26/log/foldseek_createDB.log
    jobid: 2
    reason: Missing output files: /data/san/data1/users/linda/structural_taxonomy_03_10_24/Umezonoviridae_prots/PhagePleats_out_29-07-26/foldseek_out/queryDB
    resources: tmpdir=/tmp

[Wed Jul 29 14:23:44 2026]
Finished job 2.
1 of 5 steps (20%) done
Select jobs to execute...

[Wed Jul 29 14:23:44 2026]
checkpoint foldseek_search:
    input: /data/san/data1/users/linda/structural_taxonomy_03_10_24/Umezonoviridae_prots/PhagePleats_out_29-07-26/foldseek_out/queryDB, /data/san/data1/users/linda/PhagePleats/phagepleats/resources/data/targetDB
    output: /data/san/data1/users/linda/structural_taxonomy_03_10_24/Umezonoviridae_prots/PhagePleats_out_29-07-26/alignments
    log: /data/san/data1/users/linda/structural_taxonomy_03_10_24/Umezonoviridae_prots/PhagePleats_out_29-07-26/log/foldseek_search.log
    jobid: 3
    reason: Input files updated by another job: /data/san/data1/users/linda/structural_taxonomy_03_10_24/Umezonoviridae_prots/PhagePleats_out_29-07-26/foldseek_out/queryDB
    resources: tmpdir=/tmp
DAG of jobs will be updated after completion.

[Wed Jul 29 14:23:52 2026]
Finished job 3.
2 of 5 steps (40%) done
Select jobs to execute...

[Wed Jul 29 14:23:52 2026]
rule foldseek_convertalis:
    input: /data/san/data1/users/linda/structural_taxonomy_03_10_24/Umezonoviridae_prots/PhagePleats_out_29-07-26/foldseek_out/queryDB, /data/san/data1/users/linda/PhagePleats/phagepleats/resources/data/targetDB, /data/san/data1/users/linda/structural_taxonomy_03_10_24/Umezonoviridae_prots/PhagePleats_out_29-07-26/alignments/aln.43, /data/san/data1/users/linda/structural_taxonomy_03_10_24/Umezonoviridae_prots/PhagePleats_out_29-07-26/alignments/aln.9, /data/san/data1/users/linda/structural_taxonomy_03_10_24/Umezonoviridae_prots/PhagePleats_out_29-07-26/alignments/aln.40, /data/san/data1/users/linda/structural_taxonomy_03_10_24/Umezonoviridae_prots/PhagePleats_out_29-07-26/alignments/aln.1, /data/san/data1/users/linda/structural_taxonomy_03_10_24/Umezonoviridae_prots/PhagePleats_out_29-07-26/alignments/aln.39, /data/san/data1/users/linda/structural_taxonomy_03_10_24/Umezonoviridae_prots/PhagePleats_out_29-07-26/alignments/aln.7, /data/san/data1/users/linda/structural_taxonomy_03_10_24/Umezonoviridae_prots/PhagePleats_out_29-07-26/alignments/aln.50, /data/san/data1/users/linda/structural_taxonomy_03_10_24/Umezonoviridae_prots/PhagePleats_out_29-07-26/alignments/aln.36, /data/san/data1/users/linda/structural_taxonomy_03_10_24/Umezonoviridae_prots/PhagePleats_out_29-07-26/alignments/aln.53, /data/san/data1/users/linda/structural_taxonomy_03_10_24/Umezonoviridae_prots/PhagePleats_out_29-07-26/alignments/aln.18, /data/san/data1/users/linda/structural_taxonomy_03_10_24/Umezonoviridae_prots/PhagePleats_out_29-07-26/alignments/aln.31, /data/san/data1/users/linda/structural_taxonomy_03_10_24/Umezonoviridae_prots/PhagePleats_out_29-07-26/alignments/aln.35, /data/san/data1/users/linda/structural_taxonomy_03_10_24/Umezonoviridae_prots/PhagePleats_out_29-07-26/alignments/aln.63, /data/san/data1/users/linda/structural_taxonomy_03_10_24/Umezonoviridae_prots/PhagePleats_out_29-07-26/alignments/aln.48, /data/san/data1/users/linda/structural_taxonomy_03_10_24/Umezonoviridae_prots/PhagePleats_out_29-07-26/alignments/aln.49, /data/san/data1/users/linda/structural_taxonomy_03_10_24/Umezonoviridae_prots/PhagePleats_out_29-07-26/alignments/aln.61, /data/san/data1/users/linda/structural_taxonomy_03_10_24/Umezonoviridae_prots/PhagePleats_out_29-07-26/alignments/aln.index, /data/san/data1/users/linda/structural_taxonomy_03_10_24/Umezonoviridae_prots/PhagePleats_out_29-07-26/alignments/aln.42, /data/san/data1/users/linda/structural_taxonomy_03_10_24/Umezonoviridae_prots/PhagePleats_out_29-07-26/alignments/aln.24, /data/san/data1/users/linda/structural_taxonomy_03_10_24/Umezonoviridae_prots/PhagePleats_out_29-07-26/alignments/aln.29, /data/san/data1/users/linda/structural_taxonomy_03_10_24/Umezonoviridae_prots/PhagePleats_out_29-07-26/alignments/aln.30, /data/san/data1/users/linda/structural_taxonomy_03_10_24/Umezonoviridae_prots/PhagePleats_out_29-07-26/alignments/aln.56, /data/san/data1/users/linda/structural_taxonomy_03_10_24/Umezonoviridae_prots/PhagePleats_out_29-07-26/alignments/aln.11, /data/san/data1/users/linda/structural_taxonomy_03_10_24/Umezonoviridae_prots/PhagePleats_out_29-07-26/alignments/aln.25, /data/san/data1/users/linda/structural_taxonomy_03_10_24/Umezonoviridae_prots/PhagePleats_out_29-07-26/alignments/aln.38, /data/san/data1/users/linda/structural_taxonomy_03_10_24/Umezonoviridae_prots/PhagePleats_out_29-07-26/alignments/aln.45, /data/san/data1/users/linda/structural_taxonomy_03_10_24/Umezonoviridae_prots/PhagePleats_out_29-07-26/alignments/aln.23, /data/san/data1/users/linda/structural_taxonomy_03_10_24/Umezonoviridae_prots/PhagePleats_out_29-07-26/alignments/aln.44, /data/san/data1/users/linda/structural_taxonomy_03_10_24/Umezonoviridae_prots/PhagePleats_out_29-07-26/alignments/aln.14, /data/san/data1/users/linda/structural_taxonomy_03_10_24/Umezonoviridae_prots/PhagePleats_out_29-07-26/alignments/aln.28, /data/san/data1/users/linda/structural_taxonomy_03_10_24/Umezonoviridae_prots/PhagePleats_out_29-07-26/alignments/aln.5, /data/san/data1/users/linda/structural_taxonomy_03_10_24/Umezonoviridae_prots/PhagePleats_out_29-07-26/alignments/aln.55, /data/san/data1/users/linda/structural_taxonomy_03_10_24/Umezonoviridae_prots/PhagePleats_out_29-07-26/alignments/aln.32, /data/san/data1/users/linda/structural_taxonomy_03_10_24/Umezonoviridae_prots/PhagePleats_out_29-07-26/alignments/aln.3, /data/san/data1/users/linda/structural_taxonomy_03_10_24/Umezonoviridae_prots/PhagePleats_out_29-07-26/alignments/aln.52, /data/san/data1/users/linda/structural_taxonomy_03_10_24/Umezonoviridae_prots/PhagePleats_out_29-07-26/alignments/aln.20, /data/san/data1/users/linda/structural_taxonomy_03_10_24/Umezonoviridae_prots/PhagePleats_out_29-07-26/alignments/aln.47, /data/san/data1/users/linda/structural_taxonomy_03_10_24/Umezonoviridae_prots/PhagePleats_out_29-07-26/alignments/aln.8, /data/san/data1/users/linda/structural_taxonomy_03_10_24/Umezonoviridae_prots/PhagePleats_out_29-07-26/alignments/aln.34, /data/san/data1/users/linda/structural_taxonomy_03_10_24/Umezonoviridae_prots/PhagePleats_out_29-07-26/alignments/aln.57, /data/san/data1/users/linda/structural_taxonomy_03_10_24/Umezonoviridae_prots/PhagePleats_out_29-07-26/alignments/aln.16, /data/san/data1/users/linda/structural_taxonomy_03_10_24/Umezonoviridae_prots/PhagePleats_out_29-07-26/alignments/aln.62, /data/san/data1/users/linda/structural_taxonomy_03_10_24/Umezonoviridae_prots/PhagePleats_out_29-07-26/alignments/aln.0, /data/san/data1/users/linda/structural_taxonomy_03_10_24/Umezonoviridae_prots/PhagePleats_out_29-07-26/alignments/aln.13, /data/san/data1/users/linda/structural_taxonomy_03_10_24/Umezonoviridae_prots/PhagePleats_out_29-07-26/alignments/aln.37, /data/san/data1/users/linda/structural_taxonomy_03_10_24/Umezonoviridae_prots/PhagePleats_out_29-07-26/alignments/aln.12, /data/san/data1/users/linda/structural_taxonomy_03_10_24/Umezonoviridae_prots/PhagePleats_out_29-07-26/alignments/aln.6, /data/san/data1/users/linda/structural_taxonomy_03_10_24/Umezonoviridae_prots/PhagePleats_out_29-07-26/alignments/aln.60, /data/san/data1/users/linda/structural_taxonomy_03_10_24/Umezonoviridae_prots/PhagePleats_out_29-07-26/alignments/aln.dbtype, /data/san/data1/users/linda/structural_taxonomy_03_10_24/Umezonoviridae_prots/PhagePleats_out_29-07-26/alignments/aln.41, /data/san/data1/users/linda/structural_taxonomy_03_10_24/Umezonoviridae_prots/PhagePleats_out_29-07-26/alignments/aln.2, /data/san/data1/users/linda/structural_taxonomy_03_10_24/Umezonoviridae_prots/PhagePleats_out_29-07-26/alignments/aln.15, /data/san/data1/users/linda/structural_taxonomy_03_10_24/Umezonoviridae_prots/PhagePleats_out_29-07-26/alignments/aln.19, /data/san/data1/users/linda/structural_taxonomy_03_10_24/Umezonoviridae_prots/PhagePleats_out_29-07-26/alignments/aln.54, /data/san/data1/users/linda/structural_taxonomy_03_10_24/Umezonoviridae_prots/PhagePleats_out_29-07-26/alignments/aln.10, /data/san/data1/users/linda/structural_taxonomy_03_10_24/Umezonoviridae_prots/PhagePleats_out_29-07-26/alignments/aln.33, /data/san/data1/users/linda/structural_taxonomy_03_10_24/Umezonoviridae_prots/PhagePleats_out_29-07-26/alignments/aln.27, /data/san/data1/users/linda/structural_taxonomy_03_10_24/Umezonoviridae_prots/PhagePleats_out_29-07-26/alignments/aln.4, /data/san/data1/users/linda/structural_taxonomy_03_10_24/Umezonoviridae_prots/PhagePleats_out_29-07-26/alignments/aln.58, /data/san/data1/users/linda/structural_taxonomy_03_10_24/Umezonoviridae_prots/PhagePleats_out_29-07-26/alignments/aln.59, /data/san/data1/users/linda/structural_taxonomy_03_10_24/Umezonoviridae_prots/PhagePleats_out_29-07-26/alignments/aln.22, /data/san/data1/users/linda/structural_taxonomy_03_10_24/Umezonoviridae_prots/PhagePleats_out_29-07-26/alignments/aln.46, /data/san/data1/users/linda/structural_taxonomy_03_10_24/Umezonoviridae_prots/PhagePleats_out_29-07-26/alignments/aln.17, /data/san/data1/users/linda/structural_taxonomy_03_10_24/Umezonoviridae_prots/PhagePleats_out_29-07-26/alignments/aln.26, /data/san/data1/users/linda/structural_taxonomy_03_10_24/Umezonoviridae_prots/PhagePleats_out_29-07-26/alignments/aln.51, /data/san/data1/users/linda/structural_taxonomy_03_10_24/Umezonoviridae_prots/PhagePleats_out_29-07-26/alignments/aln.21
    output: /data/san/data1/users/linda/structural_taxonomy_03_10_24/Umezonoviridae_prots/PhagePleats_out_29-07-26/foldseek_out/search_result.tsv
    log: /data/san/data1/users/linda/structural_taxonomy_03_10_24/Umezonoviridae_prots/PhagePleats_out_29-07-26/log/foldseek_convertalis.log
    jobid: 1
    reason: Missing output files: /data/san/data1/users/linda/structural_taxonomy_03_10_24/Umezonoviridae_prots/PhagePleats_out_29-07-26/foldseek_out/search_result.tsv
    resources: tmpdir=/tmp

[Wed Jul 29 14:23:52 2026]
Finished job 1.
3 of 5 steps (60%) done
Select jobs to execute...

[Wed Jul 29 14:23:52 2026]
rule run_phagepleats_pipeline:
    input: /data/san/data1/users/linda/structural_taxonomy_03_10_24/Umezonoviridae_prots/PhagePleats_out_29-07-26/foldseek_out/search_result.tsv, /data/san/data1/users/linda/structural_taxonomy_03_10_24/Umezonoviridae_prots/protein_to_genome.csv
    output: /data/san/data1/users/linda/structural_taxonomy_03_10_24/Umezonoviridae_prots/PhagePleats_out_29-07-26/taxa_predictions.csv, /data/san/data1/users/linda/structural_taxonomy_03_10_24/Umezonoviridae_prots/PhagePleats_out_29-07-26/taxa_novelty_summary.csv
    jobid: 4
    reason: Missing output files: /data/san/data1/users/linda/structural_taxonomy_03_10_24/Umezonoviridae_prots/PhagePleats_out_29-07-26/taxa_predictions.csv, /data/san/data1/users/linda/structural_taxonomy_03_10_24/Umezonoviridae_prots/PhagePleats_out_29-07-26/taxa_novelty_summary.csv; Input files updated by another job: /data/san/data1/users/linda/structural_taxonomy_03_10_24/Umezonoviridae_prots/PhagePleats_out_29-07-26/foldseek_out/search_result.tsv
    resources: tmpdir=/tmp

[Wed Jul 29 14:27:48 2026]
Finished job 4.
4 of 5 steps (80%) done
Select jobs to execute...

[Wed Jul 29 14:27:48 2026]
localrule all:
    input: /data/san/data1/users/linda/structural_taxonomy_03_10_24/Umezonoviridae_prots/PhagePleats_out_29-07-26/foldseek_out/search_result.tsv, /data/san/data1/users/linda/structural_taxonomy_03_10_24/Umezonoviridae_prots/PhagePleats_out_29-07-26/taxa_predictions.csv, /data/san/data1/users/linda/structural_taxonomy_03_10_24/Umezonoviridae_prots/PhagePleats_out_29-07-26/taxa_novelty_summary.csv
    jobid: 0
    reason: Input files updated by another job: /data/san/data1/users/linda/structural_taxonomy_03_10_24/Umezonoviridae_prots/PhagePleats_out_29-07-26/foldseek_out/search_result.tsv, /data/san/data1/users/linda/structural_taxonomy_03_10_24/Umezonoviridae_prots/PhagePleats_out_29-07-26/taxa_predictions.csv, /data/san/data1/users/linda/structural_taxonomy_03_10_24/Umezonoviridae_prots/PhagePleats_out_29-07-26/taxa_novelty_summary.csv
    resources: tmpdir=/tmp

Waiting at most 5 seconds for missing files.
